Component: ARM Compiler 5.06 update 4 (build 422) Tool: armlink [4d35d2]

==============================================================================

Section Cross References

    startup_stm32f10x_hd.o(RESET) refers to startup_stm32f10x_hd.o(STACK) for __initial_sp
    startup_stm32f10x_hd.o(RESET) refers to startup_stm32f10x_hd.o(.text) for Reset_Handler
    startup_stm32f10x_hd.o(RESET) refers to stm32f10x_it.o(.text) for NMI_Handler
    startup_stm32f10x_hd.o(.text) refers to system_stm32f10x.o(.text) for SystemInit
    startup_stm32f10x_hd.o(.text) refers to entry.o(.ARM.Collect$$$$00000000) for __main
    system_stm32f10x.o(.text) refers to system_stm32f10x.o(.data) for SystemCoreClock
    stm32f10x_adc.o(.text) refers to stm32f10x_rcc.o(.text) for RCC_APB2PeriphResetCmd
    stm32f10x_bkp.o(.text) refers to stm32f10x_rcc.o(.text) for RCC_BackupResetCmd
    stm32f10x_can.o(.text) refers to stm32f10x_rcc.o(.text) for RCC_APB1PeriphResetCmd
    stm32f10x_cec.o(.text) refers to stm32f10x_rcc.o(.text) for RCC_APB1PeriphResetCmd
    stm32f10x_dac.o(.text) refers to stm32f10x_rcc.o(.text) for RCC_APB1PeriphResetCmd
    stm32f10x_gpio.o(.text) refers to stm32f10x_rcc.o(.text) for RCC_APB2PeriphResetCmd
    stm32f10x_i2c.o(.text) refers to stm32f10x_rcc.o(.text) for RCC_APB1PeriphResetCmd
    stm32f10x_pwr.o(.text) refers to stm32f10x_rcc.o(.text) for RCC_APB1PeriphResetCmd
    stm32f10x_rcc.o(.text) refers to stm32f10x_rcc.o(.data) for APBAHBPrescTable
    stm32f10x_spi.o(.text) refers to stm32f10x_rcc.o(.text) for RCC_APB2PeriphResetCmd
    stm32f10x_tim.o(.text) refers to stm32f10x_rcc.o(.text) for RCC_APB2PeriphResetCmd
    stm32f10x_usart.o(.text) refers to stm32f10x_rcc.o(.text) for RCC_APB2PeriphResetCmd
    stm32f10x_wwdg.o(.text) refers to stm32f10x_rcc.o(.text) for RCC_APB1PeriphResetCmd
    main.o(.text) refers to bsp_led.o(.text) for LED_GPIO_Config
    main.o(.text) refers to bsp_usart.o(.text) for USART_Config
    main.o(.text) refers to ff.o(.text) for f_mount
    main.o(.text) refers to main.o(.bss) for fs
    main.o(.text) refers to main.o(.data) for fnum
    stm32f10x_it.o(.text) refers to bsp_sdio_sdcard.o(.text) for SD_ProcessIRQSrc
    bsp_led.o(.text) refers to stm32f10x_rcc.o(.text) for RCC_APB2PeriphClockCmd
    bsp_led.o(.text) refers to stm32f10x_gpio.o(.text) for GPIO_Init
    bsp_usart.o(.text) refers to stm32f10x_rcc.o(.text) for RCC_APB2PeriphClockCmd
    bsp_usart.o(.text) refers to stm32f10x_gpio.o(.text) for GPIO_Init
    bsp_usart.o(.text) refers to stm32f10x_usart.o(.text) for USART_Init
    bsp_sdio_sdcard.o(.text) refers to stm32f10x_sdio.o(.text) for SDIO_ClockCmd
    bsp_sdio_sdcard.o(.text) refers to stm32f10x_rcc.o(.text) for RCC_AHBPeriphClockCmd
    bsp_sdio_sdcard.o(.text) refers to stm32f10x_gpio.o(.text) for GPIO_Init
    bsp_sdio_sdcard.o(.text) refers to misc.o(.text) for NVIC_PriorityGroupConfig
    bsp_sdio_sdcard.o(.text) refers to stm32f10x_dma.o(.text) for DMA_GetFlagStatus
    bsp_sdio_sdcard.o(.text) refers to bsp_sdio_sdcard.o(.bss) for SDIO_CmdInitStructure
    bsp_sdio_sdcard.o(.text) refers to bsp_sdio_sdcard.o(.data) for RCA
    bsp_sdio_sdcard.o(.text) refers to uldiv.o(.text) for __aeabi_uldivmod
    diskio.o(.text) refers to bsp_sdio_sdcard.o(.text) for SD_Init
    diskio.o(.text) refers to memcpya.o(.text) for __aeabi_memcpy
    diskio.o(.text) refers to uldiv.o(.text) for __aeabi_uldivmod
    diskio.o(.text) refers to bsp_sdio_sdcard.o(.bss) for SDCardInfo
    ff.o(.text) refers to diskio.o(.text) for disk_write
    ff.o(.text) refers to cc936.o(.text) for ff_wtoupper
    ff.o(.text) refers to ff.o(.constdata) for LfnOfs
    ff.o(.text) refers to ff.o(.data) for FatFs
    cc936.o(.text) refers to cc936.o(.constdata) for oem2uni
    entry.o(.ARM.Collect$$$$00000000) refers (Special) to entry10a.o(.ARM.Collect$$$$0000000D) for __rt_final_cpp
    entry.o(.ARM.Collect$$$$00000000) refers (Special) to entry11a.o(.ARM.Collect$$$$0000000F) for __rt_final_exit
    entry.o(.ARM.Collect$$$$00000000) refers (Special) to entry7b.o(.ARM.Collect$$$$00000008) for _main_clock
    entry.o(.ARM.Collect$$$$00000000) refers (Special) to entry8b.o(.ARM.Collect$$$$0000000A) for _main_cpp_init
    entry.o(.ARM.Collect$$$$00000000) refers (Special) to entry9a.o(.ARM.Collect$$$$0000000B) for _main_init
    entry.o(.ARM.Collect$$$$00000000) refers (Special) to entry5.o(.ARM.Collect$$$$00000004) for _main_scatterload
    entry.o(.ARM.Collect$$$$00000000) refers (Special) to entry2.o(.ARM.Collect$$$$00000001) for _main_stk
    uldiv.o(.text) refers to llushr.o(.text) for __aeabi_llsr
    uldiv.o(.text) refers to llshl.o(.text) for __aeabi_llsl
    entry2.o(.ARM.Collect$$$$00000001) refers to entry2.o(.ARM.Collect$$$$00002712) for __lit__00000000
    entry2.o(.ARM.Collect$$$$00002712) refers to startup_stm32f10x_hd.o(STACK) for __initial_sp
    entry2.o(__vectab_stack_and_reset_area) refers to startup_stm32f10x_hd.o(STACK) for __initial_sp
    entry2.o(__vectab_stack_and_reset_area) refers to entry.o(.ARM.Collect$$$$00000000) for __main
    entry5.o(.ARM.Collect$$$$00000004) refers to init.o(.text) for __scatterload
    entry9a.o(.ARM.Collect$$$$0000000B) refers to main.o(.text) for main
    entry9b.o(.ARM.Collect$$$$0000000C) refers to main.o(.text) for main
    init.o(.text) refers to entry5.o(.ARM.Collect$$$$00000004) for __main_after_scatterload


==============================================================================

Removing Unused input sections from the image.

    Removing startup_stm32f10x_hd.o(HEAP), (1024 bytes).
    Removing core_cm3.o(.emb_text), (32 bytes).
    Removing stm32f10x_adc.o(.text), (1102 bytes).
    Removing stm32f10x_bkp.o(.text), (196 bytes).
    Removing stm32f10x_can.o(.text), (2544 bytes).
    Removing stm32f10x_cec.o(.text), (288 bytes).
    Removing stm32f10x_crc.o(.text), (72 bytes).
    Removing stm32f10x_dac.o(.text), (396 bytes).
    Removing stm32f10x_dbgmcu.o(.text), (48 bytes).
    Removing stm32f10x_exti.o(.text), (284 bytes).
    Removing stm32f10x_flash.o(.text), (1468 bytes).
    Removing stm32f10x_fsmc.o(.text), (1548 bytes).
    Removing stm32f10x_i2c.o(.text), (1028 bytes).
    Removing stm32f10x_iwdg.o(.text), (64 bytes).
    Removing stm32f10x_pwr.o(.text), (204 bytes).
    Removing stm32f10x_rtc.o(.text), (328 bytes).
    Removing stm32f10x_spi.o(.text), (780 bytes).
    Removing stm32f10x_tim.o(.text), (3610 bytes).
    Removing stm32f10x_wwdg.o(.text), (136 bytes).

19 unused section(s) (total 15152 bytes) removed from the image.

==============================================================================

Image Symbol Table

    Local Symbols

    Symbol Name                              Value     Ov Type        Size  Object(Section)

    ../clib/microlib/division.c              0x00000000   Number         0  uldiv.o ABSOLUTE
    ../clib/microlib/init/entry.s            0x00000000   Number         0  entry5.o ABSOLUTE
    ../clib/microlib/init/entry.s            0x00000000   Number         0  entry.o ABSOLUTE
    ../clib/microlib/init/entry.s            0x00000000   Number         0  entry11b.o ABSOLUTE
    ../clib/microlib/init/entry.s            0x00000000   Number         0  entry10b.o ABSOLUTE
    ../clib/microlib/init/entry.s            0x00000000   Number         0  entry11a.o ABSOLUTE
    ../clib/microlib/init/entry.s            0x00000000   Number         0  entry10a.o ABSOLUTE
    ../clib/microlib/init/entry.s            0x00000000   Number         0  entry9b.o ABSOLUTE
    ../clib/microlib/init/entry.s            0x00000000   Number         0  entry8a.o ABSOLUTE
    ../clib/microlib/init/entry.s            0x00000000   Number         0  entry7b.o ABSOLUTE
    ../clib/microlib/init/entry.s            0x00000000   Number         0  entry7a.o ABSOLUTE
    ../clib/microlib/init/entry.s            0x00000000   Number         0  entry2.o ABSOLUTE
    ../clib/microlib/init/entry.s            0x00000000   Number         0  entry9a.o ABSOLUTE
    ../clib/microlib/init/entry.s            0x00000000   Number         0  entry8b.o ABSOLUTE
    ../clib/microlib/longlong.c              0x00000000   Number         0  llushr.o ABSOLUTE
    ../clib/microlib/longlong.c              0x00000000   Number         0  llshl.o ABSOLUTE
    ../clib/microlib/string/memcpy.c         0x00000000   Number         0  memcpyb.o ABSOLUTE
    ../clib/microlib/string/memcpy.c         0x00000000   Number         0  memcpya.o ABSOLUTE
    ..\..\Libraries\CMSIS\core_cm3.c         0x00000000   Number         0  core_cm3.o ABSOLUTE
    ..\..\Libraries\CMSIS\startup\startup_stm32f10x_hd.s 0x00000000   Number         0  startup_stm32f10x_hd.o ABSOLUTE
    ..\..\Libraries\CMSIS\system_stm32f10x.c 0x00000000   Number         0  system_stm32f10x.o ABSOLUTE
    ..\..\Libraries\FWlib\src\misc.c         0x00000000   Number         0  misc.o ABSOLUTE
    ..\..\Libraries\FWlib\src\stm32f10x_adc.c 0x00000000   Number         0  stm32f10x_adc.o ABSOLUTE
    ..\..\Libraries\FWlib\src\stm32f10x_bkp.c 0x00000000   Number         0  stm32f10x_bkp.o ABSOLUTE
    ..\..\Libraries\FWlib\src\stm32f10x_can.c 0x00000000   Number         0  stm32f10x_can.o ABSOLUTE
    ..\..\Libraries\FWlib\src\stm32f10x_cec.c 0x00000000   Number         0  stm32f10x_cec.o ABSOLUTE
    ..\..\Libraries\FWlib\src\stm32f10x_crc.c 0x00000000   Number         0  stm32f10x_crc.o ABSOLUTE
    ..\..\Libraries\FWlib\src\stm32f10x_dac.c 0x00000000   Number         0  stm32f10x_dac.o ABSOLUTE
    ..\..\Libraries\FWlib\src\stm32f10x_dbgmcu.c 0x00000000   Number         0  stm32f10x_dbgmcu.o ABSOLUTE
    ..\..\Libraries\FWlib\src\stm32f10x_dma.c 0x00000000   Number         0  stm32f10x_dma.o ABSOLUTE
    ..\..\Libraries\FWlib\src\stm32f10x_exti.c 0x00000000   Number         0  stm32f10x_exti.o ABSOLUTE
    ..\..\Libraries\FWlib\src\stm32f10x_flash.c 0x00000000   Number         0  stm32f10x_flash.o ABSOLUTE
    ..\..\Libraries\FWlib\src\stm32f10x_fsmc.c 0x00000000   Number         0  stm32f10x_fsmc.o ABSOLUTE
    ..\..\Libraries\FWlib\src\stm32f10x_gpio.c 0x00000000   Number         0  stm32f10x_gpio.o ABSOLUTE
    ..\..\Libraries\FWlib\src\stm32f10x_i2c.c 0x00000000   Number         0  stm32f10x_i2c.o ABSOLUTE
    ..\..\Libraries\FWlib\src\stm32f10x_iwdg.c 0x00000000   Number         0  stm32f10x_iwdg.o ABSOLUTE
    ..\..\Libraries\FWlib\src\stm32f10x_pwr.c 0x00000000   Number         0  stm32f10x_pwr.o ABSOLUTE
    ..\..\Libraries\FWlib\src\stm32f10x_rcc.c 0x00000000   Number         0  stm32f10x_rcc.o ABSOLUTE
    ..\..\Libraries\FWlib\src\stm32f10x_rtc.c 0x00000000   Number         0  stm32f10x_rtc.o ABSOLUTE
    ..\..\Libraries\FWlib\src\stm32f10x_sdio.c 0x00000000   Number         0  stm32f10x_sdio.o ABSOLUTE
    ..\..\Libraries\FWlib\src\stm32f10x_spi.c 0x00000000   Number         0  stm32f10x_spi.o ABSOLUTE
    ..\..\Libraries\FWlib\src\stm32f10x_tim.c 0x00000000   Number         0  stm32f10x_tim.o ABSOLUTE
    ..\..\Libraries\FWlib\src\stm32f10x_usart.c 0x00000000   Number         0  stm32f10x_usart.o ABSOLUTE
    ..\..\Libraries\FWlib\src\stm32f10x_wwdg.c 0x00000000   Number         0  stm32f10x_wwdg.o ABSOLUTE
    ..\..\User\FATFS\diskio.c                0x00000000   Number         0  diskio.o ABSOLUTE
    ..\..\User\FATFS\ff.c                    0x00000000   Number         0  ff.o ABSOLUTE
    ..\..\User\FATFS\option\cc936.c          0x00000000   Number         0  cc936.o ABSOLUTE
    ..\..\User\led\bsp_led.c                 0x00000000   Number         0  bsp_led.o ABSOLUTE
    ..\..\User\main.c                        0x00000000   Number         0  main.o ABSOLUTE
    ..\..\User\sdio\bsp_sdio_sdcard.c        0x00000000   Number         0  bsp_sdio_sdcard.o ABSOLUTE
    ..\..\User\stm32f10x_it.c                0x00000000   Number         0  stm32f10x_it.o ABSOLUTE
    ..\..\User\usart\bsp_usart.c             0x00000000   Number         0  bsp_usart.o ABSOLUTE
    ..\\..\\Libraries\\CMSIS\\core_cm3.c     0x00000000   Number         0  core_cm3.o ABSOLUTE
    dc.s                                     0x00000000   Number         0  dc.o ABSOLUTE
    handlers.s                               0x00000000   Number         0  handlers.o ABSOLUTE
    init.s                                   0x00000000   Number         0  init.o ABSOLUTE
    RESET                                    0x08000000   Section      304  startup_stm32f10x_hd.o(RESET)
    .ARM.Collect$$$$00000000                 0x08000130   Section        0  entry.o(.ARM.Collect$$$$00000000)
    .ARM.Collect$$$$00000001                 0x08000130   Section        4  entry2.o(.ARM.Collect$$$$00000001)
    .ARM.Collect$$$$00000004                 0x08000134   Section        4  entry5.o(.ARM.Collect$$$$00000004)
    .ARM.Collect$$$$00000008                 0x08000138   Section        0  entry7b.o(.ARM.Collect$$$$00000008)
    .ARM.Collect$$$$0000000A                 0x08000138   Section        0  entry8b.o(.ARM.Collect$$$$0000000A)
    .ARM.Collect$$$$0000000B                 0x08000138   Section        8  entry9a.o(.ARM.Collect$$$$0000000B)
    .ARM.Collect$$$$0000000D                 0x08000140   Section        0  entry10a.o(.ARM.Collect$$$$0000000D)
    .ARM.Collect$$$$0000000F                 0x08000140   Section        0  entry11a.o(.ARM.Collect$$$$0000000F)
    .ARM.Collect$$$$00002712                 0x08000140   Section        4  entry2.o(.ARM.Collect$$$$00002712)
    __lit__00000000                          0x08000140   Data           4  entry2.o(.ARM.Collect$$$$00002712)
    .text                                    0x08000144   Section       36  startup_stm32f10x_hd.o(.text)
    .text                                    0x08000168   Section        0  system_stm32f10x.o(.text)
    SetSysClockTo72                          0x08000169   Thumb Code   214  system_stm32f10x.o(.text)
    SetSysClock                              0x0800023f   Thumb Code     8  system_stm32f10x.o(.text)
    .text                                    0x08000348   Section        0  misc.o(.text)
    .text                                    0x08000424   Section        0  stm32f10x_dma.o(.text)
    .text                                    0x08000678   Section        0  stm32f10x_gpio.o(.text)
    .text                                    0x080009d4   Section        0  stm32f10x_rcc.o(.text)
    .text                                    0x08000d78   Section        0  stm32f10x_sdio.o(.text)
    .text                                    0x08000f4c   Section        0  stm32f10x_usart.o(.text)
    .text                                    0x08001354   Section        0  main.o(.text)
    .text                                    0x080013f4   Section        0  stm32f10x_it.o(.text)
    .text                                    0x08001418   Section        0  bsp_led.o(.text)
    .text                                    0x08001478   Section        0  bsp_usart.o(.text)
    .text                                    0x08001534   Section        0  bsp_sdio_sdcard.o(.text)
    NVIC_Configuration                       0x08001577   Thumb Code    40  bsp_sdio_sdcard.o(.text)
    SD_DMAEndOfTransferStatus                0x0800159f   Thumb Code    10  bsp_sdio_sdcard.o(.text)
    SD_DMA_RxConfig                          0x080015a9   Thumb Code    86  bsp_sdio_sdcard.o(.text)
    SD_DMA_TxConfig                          0x080015ff   Thumb Code    86  bsp_sdio_sdcard.o(.text)
    GPIO_Configuration                       0x08001655   Thumb Code    70  bsp_sdio_sdcard.o(.text)
    CmdResp1Error                            0x0800169b   Thumb Code    40  bsp_sdio_sdcard.o(.text)
    FindSCR                                  0x080016c3   Thumb Code   396  bsp_sdio_sdcard.o(.text)
    SDEnWideBus                              0x0800184f   Thumb Code   310  bsp_sdio_sdcard.o(.text)
    CmdResp2Error                            0x08001d3b   Thumb Code    98  bsp_sdio_sdcard.o(.text)
    CmdResp6Error                            0x08001d9d   Thumb Code   152  bsp_sdio_sdcard.o(.text)
    CmdResp3Error                            0x08001f5b   Thumb Code    52  bsp_sdio_sdcard.o(.text)
    CmdResp7Error                            0x08001f8f   Thumb Code    72  bsp_sdio_sdcard.o(.text)
    CmdError                                 0x08001fd7   Thumb Code    44  bsp_sdio_sdcard.o(.text)
    IsCardProgramming                        0x080028e3   Thumb Code   434  bsp_sdio_sdcard.o(.text)
    .text                                    0x08002c30   Section        0  diskio.o(.text)
    .text                                    0x08002e5c   Section        0  ff.o(.text)
    mem_cpy                                  0x08002e5d   Thumb Code    26  ff.o(.text)
    mem_set                                  0x08002e77   Thumb Code    20  ff.o(.text)
    mem_cmp                                  0x08002e8b   Thumb Code    38  ff.o(.text)
    chk_chr                                  0x08002eb1   Thumb Code    20  ff.o(.text)
    sync_window                              0x08002ec5   Thumb Code    82  ff.o(.text)
    move_window                              0x08002f17   Thumb Code    52  ff.o(.text)
    sync_fs                                  0x08002f4b   Thumb Code   200  ff.o(.text)
    remove_chain                             0x080032f3   Thumb Code   108  ff.o(.text)
    create_chain                             0x0800335f   Thumb Code   214  ff.o(.text)
    dir_sdi                                  0x08003435   Thumb Code   200  ff.o(.text)
    dir_next                                 0x080034fd   Thumb Code   314  ff.o(.text)
    dir_alloc                                0x08003637   Thumb Code    92  ff.o(.text)
    ld_clust                                 0x08003693   Thumb Code    32  ff.o(.text)
    st_clust                                 0x080036b3   Thumb Code    16  ff.o(.text)
    cmp_lfn                                  0x080036c3   Thumb Code   154  ff.o(.text)
    pick_lfn                                 0x0800375d   Thumb Code   124  ff.o(.text)
    fit_lfn                                  0x080037d9   Thumb Code   122  ff.o(.text)
    gen_numname                              0x08003853   Thumb Code   198  ff.o(.text)
    sum_sfn                                  0x08003919   Thumb Code    32  ff.o(.text)
    dir_find                                 0x08003939   Thumb Code   234  ff.o(.text)
    dir_read                                 0x08003a23   Thumb Code   206  ff.o(.text)
    dir_register                             0x08003af1   Thumb Code   298  ff.o(.text)
    dir_remove                               0x08003c1b   Thumb Code   106  ff.o(.text)
    get_fileinfo                             0x08003c85   Thumb Code   272  ff.o(.text)
    create_name                              0x08003d95   Thumb Code   604  ff.o(.text)
    follow_path                              0x08003ff1   Thumb Code   144  ff.o(.text)
    get_ldnumber                             0x08004081   Thumb Code    74  ff.o(.text)
    check_fs                                 0x080040cb   Thumb Code   140  ff.o(.text)
    find_volume                              0x08004157   Thumb Code   996  ff.o(.text)
    validate                                 0x0800453b   Thumb Code    50  ff.o(.text)
    putc_bfd                                 0x08005b05   Thumb Code    68  ff.o(.text)
    .text                                    0x08005e74   Section        0  cc936.o(.text)
    .text                                    0x08005f4c   Section        0  uldiv.o(.text)
    .text                                    0x08005fae   Section        0  memcpya.o(.text)
    .text                                    0x08005fd2   Section        0  llshl.o(.text)
    .text                                    0x08005ff0   Section        0  llushr.o(.text)
    .text                                    0x08006010   Section       36  init.o(.text)
    i.__scatterload_copy                     0x08006034   Section       14  handlers.o(i.__scatterload_copy)
    i.__scatterload_null                     0x08006042   Section        2  handlers.o(i.__scatterload_null)
    i.__scatterload_zeroinit                 0x08006044   Section       14  handlers.o(i.__scatterload_zeroinit)
    .constdata                               0x08006052   Section       58  ff.o(.constdata)
    LfnOfs                                   0x08006052   Data          13  ff.o(.constdata)
    vst                                      0x08006060   Data          22  ff.o(.constdata)
    cst                                      0x08006076   Data          22  ff.o(.constdata)
    .constdata                               0x0800608c   Section    176320  cc936.o(.constdata)
    uni2oem                                  0x0800608c   Data       87172  cc936.o(.constdata)
    oem2uni                                  0x0801b510   Data       87172  cc936.o(.constdata)
    lower                                    0x08030994   Data         988  cc936.o(.constdata)
    upper                                    0x08030d70   Data         988  cc936.o(.constdata)
    .data                                    0x20000000   Section       20  system_stm32f10x.o(.data)
    .data                                    0x20000014   Section       20  stm32f10x_rcc.o(.data)
    APBAHBPrescTable                         0x20000014   Data          16  stm32f10x_rcc.o(.data)
    ADCPrescTable                            0x20000024   Data           4  stm32f10x_rcc.o(.data)
    .data                                    0x20000028   Section       28  main.o(.data)
    .data                                    0x20000044   Section       20  bsp_sdio_sdcard.o(.data)
    CardType                                 0x20000044   Data           4  bsp_sdio_sdcard.o(.data)
    RCA                                      0x20000048   Data           4  bsp_sdio_sdcard.o(.data)
    .data                                    0x20000058   Section       10  ff.o(.data)
    FatFs                                    0x20000058   Data           8  ff.o(.data)
    Fsid                                     0x20000060   Data           2  ff.o(.data)
    .bss                                     0x20000064   Section     9300  main.o(.bss)
    .bss                                     0x200024b8   Section      204  bsp_sdio_sdcard.o(.bss)
    CSD_Tab                                  0x200024b8   Data          16  bsp_sdio_sdcard.o(.bss)
    CID_Tab                                  0x200024c8   Data          16  bsp_sdio_sdcard.o(.bss)
    SDSTATUS_Tab                             0x200024d8   Data          16  bsp_sdio_sdcard.o(.bss)
    STACK                                    0x20002588   Section     1024  startup_stm32f10x_hd.o(STACK)

    Global Symbols

    Symbol Name                              Value     Ov Type        Size  Object(Section)

    BuildAttributes$$THM_ISAv4$P$D$K$B$S$PE$A:L22UL41UL21$X:L11$S22US41US21$IEEE1$IW$USESV6$~STKCKD$USESV7$~SHL$OSPACE$EBA8$MICROLIB$REQ8$PRES8$EABIv2 0x00000000   Number         0  anon$$obj.o ABSOLUTE
    __ARM_use_no_argv                        0x00000000   Number         0  main.o ABSOLUTE
    __cpp_initialize__aeabi_                  - Undefined Weak Reference
    __cxa_finalize                            - Undefined Weak Reference
    __decompress                              - Undefined Weak Reference
    _clock_init                               - Undefined Weak Reference
    _microlib_exit                            - Undefined Weak Reference
    __Vectors_Size                           0x00000130   Number         0  startup_stm32f10x_hd.o ABSOLUTE
    __Vectors                                0x08000000   Data           4  startup_stm32f10x_hd.o(RESET)
    __Vectors_End                            0x08000130   Data           0  startup_stm32f10x_hd.o(RESET)
    __main                                   0x08000131   Thumb Code     0  entry.o(.ARM.Collect$$$$00000000)
    _main_stk                                0x08000131   Thumb Code     0  entry2.o(.ARM.Collect$$$$00000001)
    _main_scatterload                        0x08000135   Thumb Code     0  entry5.o(.ARM.Collect$$$$00000004)
    __main_after_scatterload                 0x08000139   Thumb Code     0  entry5.o(.ARM.Collect$$$$00000004)
    _main_clock                              0x08000139   Thumb Code     0  entry7b.o(.ARM.Collect$$$$00000008)
    _main_cpp_init                           0x08000139   Thumb Code     0  entry8b.o(.ARM.Collect$$$$0000000A)
    _main_init                               0x08000139   Thumb Code     0  entry9a.o(.ARM.Collect$$$$0000000B)
    __rt_final_cpp                           0x08000141   Thumb Code     0  entry10a.o(.ARM.Collect$$$$0000000D)
    __rt_final_exit                          0x08000141   Thumb Code     0  entry11a.o(.ARM.Collect$$$$0000000F)
    Reset_Handler                            0x08000145   Thumb Code     8  startup_stm32f10x_hd.o(.text)
    ADC1_2_IRQHandler                        0x0800015f   Thumb Code     0  startup_stm32f10x_hd.o(.text)
    ADC3_IRQHandler                          0x0800015f   Thumb Code     0  startup_stm32f10x_hd.o(.text)
    CAN1_RX1_IRQHandler                      0x0800015f   Thumb Code     0  startup_stm32f10x_hd.o(.text)
    CAN1_SCE_IRQHandler                      0x0800015f   Thumb Code     0  startup_stm32f10x_hd.o(.text)
    DMA1_Channel1_IRQHandler                 0x0800015f   Thumb Code     0  startup_stm32f10x_hd.o(.text)
    DMA1_Channel2_IRQHandler                 0x0800015f   Thumb Code     0  startup_stm32f10x_hd.o(.text)
    DMA1_Channel3_IRQHandler                 0x0800015f   Thumb Code     0  startup_stm32f10x_hd.o(.text)
    DMA1_Channel4_IRQHandler                 0x0800015f   Thumb Code     0  startup_stm32f10x_hd.o(.text)
    DMA1_Channel5_IRQHandler                 0x0800015f   Thumb Code     0  startup_stm32f10x_hd.o(.text)
    DMA1_Channel6_IRQHandler                 0x0800015f   Thumb Code     0  startup_stm32f10x_hd.o(.text)
    DMA1_Channel7_IRQHandler                 0x0800015f   Thumb Code     0  startup_stm32f10x_hd.o(.text)
    DMA2_Channel1_IRQHandler                 0x0800015f   Thumb Code     0  startup_stm32f10x_hd.o(.text)
    DMA2_Channel2_IRQHandler                 0x0800015f   Thumb Code     0  startup_stm32f10x_hd.o(.text)
    DMA2_Channel3_IRQHandler                 0x0800015f   Thumb Code     0  startup_stm32f10x_hd.o(.text)
    DMA2_Channel4_5_IRQHandler               0x0800015f   Thumb Code     0  startup_stm32f10x_hd.o(.text)
    EXTI0_IRQHandler                         0x0800015f   Thumb Code     0  startup_stm32f10x_hd.o(.text)
    EXTI15_10_IRQHandler                     0x0800015f   Thumb Code     0  startup_stm32f10x_hd.o(.text)
    EXTI1_IRQHandler                         0x0800015f   Thumb Code     0  startup_stm32f10x_hd.o(.text)
    EXTI2_IRQHandler                         0x0800015f   Thumb Code     0  startup_stm32f10x_hd.o(.text)
    EXTI3_IRQHandler                         0x0800015f   Thumb Code     0  startup_stm32f10x_hd.o(.text)
    EXTI4_IRQHandler                         0x0800015f   Thumb Code     0  startup_stm32f10x_hd.o(.text)
    EXTI9_5_IRQHandler                       0x0800015f   Thumb Code     0  startup_stm32f10x_hd.o(.text)
    FLASH_IRQHandler                         0x0800015f   Thumb Code     0  startup_stm32f10x_hd.o(.text)
    FSMC_IRQHandler                          0x0800015f   Thumb Code     0  startup_stm32f10x_hd.o(.text)
    I2C1_ER_IRQHandler                       0x0800015f   Thumb Code     0  startup_stm32f10x_hd.o(.text)
    I2C1_EV_IRQHandler                       0x0800015f   Thumb Code     0  startup_stm32f10x_hd.o(.text)
    I2C2_ER_IRQHandler                       0x0800015f   Thumb Code     0  startup_stm32f10x_hd.o(.text)
    I2C2_EV_IRQHandler                       0x0800015f   Thumb Code     0  startup_stm32f10x_hd.o(.text)
    PVD_IRQHandler                           0x0800015f   Thumb Code     0  startup_stm32f10x_hd.o(.text)
    RCC_IRQHandler                           0x0800015f   Thumb Code     0  startup_stm32f10x_hd.o(.text)
    RTCAlarm_IRQHandler                      0x0800015f   Thumb Code     0  startup_stm32f10x_hd.o(.text)
    RTC_IRQHandler                           0x0800015f   Thumb Code     0  startup_stm32f10x_hd.o(.text)
    SPI1_IRQHandler                          0x0800015f   Thumb Code     0  startup_stm32f10x_hd.o(.text)
    SPI2_IRQHandler                          0x0800015f   Thumb Code     0  startup_stm32f10x_hd.o(.text)
    SPI3_IRQHandler                          0x0800015f   Thumb Code     0  startup_stm32f10x_hd.o(.text)
    TAMPER_IRQHandler                        0x0800015f   Thumb Code     0  startup_stm32f10x_hd.o(.text)
    TIM1_BRK_IRQHandler                      0x0800015f   Thumb Code     0  startup_stm32f10x_hd.o(.text)
    TIM1_CC_IRQHandler                       0x0800015f   Thumb Code     0  startup_stm32f10x_hd.o(.text)
    TIM1_TRG_COM_IRQHandler                  0x0800015f   Thumb Code     0  startup_stm32f10x_hd.o(.text)
    TIM1_UP_IRQHandler                       0x0800015f   Thumb Code     0  startup_stm32f10x_hd.o(.text)
    TIM2_IRQHandler                          0x0800015f   Thumb Code     0  startup_stm32f10x_hd.o(.text)
    TIM3_IRQHandler                          0x0800015f   Thumb Code     0  startup_stm32f10x_hd.o(.text)
    TIM4_IRQHandler                          0x0800015f   Thumb Code     0  startup_stm32f10x_hd.o(.text)
    TIM5_IRQHandler                          0x0800015f   Thumb Code     0  startup_stm32f10x_hd.o(.text)
    TIM6_IRQHandler                          0x0800015f   Thumb Code     0  startup_stm32f10x_hd.o(.text)
    TIM7_IRQHandler                          0x0800015f   Thumb Code     0  startup_stm32f10x_hd.o(.text)
    TIM8_BRK_IRQHandler                      0x0800015f   Thumb Code     0  startup_stm32f10x_hd.o(.text)
    TIM8_CC_IRQHandler                       0x0800015f   Thumb Code     0  startup_stm32f10x_hd.o(.text)
    TIM8_TRG_COM_IRQHandler                  0x0800015f   Thumb Code     0  startup_stm32f10x_hd.o(.text)
    TIM8_UP_IRQHandler                       0x0800015f   Thumb Code     0  startup_stm32f10x_hd.o(.text)
    UART4_IRQHandler                         0x0800015f   Thumb Code     0  startup_stm32f10x_hd.o(.text)
    UART5_IRQHandler                         0x0800015f   Thumb Code     0  startup_stm32f10x_hd.o(.text)
    USART1_IRQHandler                        0x0800015f   Thumb Code     0  startup_stm32f10x_hd.o(.text)
    USART2_IRQHandler                        0x0800015f   Thumb Code     0  startup_stm32f10x_hd.o(.text)
    USART3_IRQHandler                        0x0800015f   Thumb Code     0  startup_stm32f10x_hd.o(.text)
    USBWakeUp_IRQHandler                     0x0800015f   Thumb Code     0  startup_stm32f10x_hd.o(.text)
    USB_HP_CAN1_TX_IRQHandler                0x0800015f   Thumb Code     0  startup_stm32f10x_hd.o(.text)
    USB_LP_CAN1_RX0_IRQHandler               0x0800015f   Thumb Code     0  startup_stm32f10x_hd.o(.text)
    WWDG_IRQHandler                          0x0800015f   Thumb Code     0  startup_stm32f10x_hd.o(.text)
    SystemInit                               0x08000247   Thumb Code    78  system_stm32f10x.o(.text)
    SystemCoreClockUpdate                    0x08000295   Thumb Code   142  system_stm32f10x.o(.text)
    NVIC_PriorityGroupConfig                 0x08000349   Thumb Code    10  misc.o(.text)
    NVIC_Init                                0x08000353   Thumb Code   100  misc.o(.text)
    NVIC_SetVectorTable                      0x080003b7   Thumb Code    14  misc.o(.text)
    NVIC_SystemLPConfig                      0x080003c5   Thumb Code    34  misc.o(.text)
    SysTick_CLKSourceConfig                  0x080003e7   Thumb Code    40  misc.o(.text)
    DMA_DeInit                               0x08000425   Thumb Code   324  stm32f10x_dma.o(.text)
    DMA_Init                                 0x08000569   Thumb Code    60  stm32f10x_dma.o(.text)
    DMA_StructInit                           0x080005a5   Thumb Code    26  stm32f10x_dma.o(.text)
    DMA_Cmd                                  0x080005bf   Thumb Code    24  stm32f10x_dma.o(.text)
    DMA_ITConfig                             0x080005d7   Thumb Code    18  stm32f10x_dma.o(.text)
    DMA_SetCurrDataCounter                   0x080005e9   Thumb Code     4  stm32f10x_dma.o(.text)
    DMA_GetCurrDataCounter                   0x080005ed   Thumb Code     8  stm32f10x_dma.o(.text)
    DMA_GetFlagStatus                        0x080005f5   Thumb Code    40  stm32f10x_dma.o(.text)
    DMA_ClearFlag                            0x0800061d   Thumb Code    22  stm32f10x_dma.o(.text)
    DMA_GetITStatus                          0x08000633   Thumb Code    40  stm32f10x_dma.o(.text)
    DMA_ClearITPendingBit                    0x0800065b   Thumb Code    22  stm32f10x_dma.o(.text)
    GPIO_DeInit                              0x08000679   Thumb Code   172  stm32f10x_gpio.o(.text)
    GPIO_AFIODeInit                          0x08000725   Thumb Code    20  stm32f10x_gpio.o(.text)
    GPIO_Init                                0x08000739   Thumb Code   278  stm32f10x_gpio.o(.text)
    GPIO_StructInit                          0x0800084f   Thumb Code    16  stm32f10x_gpio.o(.text)
    GPIO_ReadInputDataBit                    0x0800085f   Thumb Code    18  stm32f10x_gpio.o(.text)
    GPIO_ReadInputData                       0x08000871   Thumb Code     8  stm32f10x_gpio.o(.text)
    GPIO_ReadOutputDataBit                   0x08000879   Thumb Code    18  stm32f10x_gpio.o(.text)
    GPIO_ReadOutputData                      0x0800088b   Thumb Code     8  stm32f10x_gpio.o(.text)
    GPIO_SetBits                             0x08000893   Thumb Code     4  stm32f10x_gpio.o(.text)
    GPIO_ResetBits                           0x08000897   Thumb Code     4  stm32f10x_gpio.o(.text)
    GPIO_WriteBit                            0x0800089b   Thumb Code    10  stm32f10x_gpio.o(.text)
    GPIO_Write                               0x080008a5   Thumb Code     4  stm32f10x_gpio.o(.text)
    GPIO_PinLockConfig                       0x080008a9   Thumb Code    18  stm32f10x_gpio.o(.text)
    GPIO_EventOutputConfig                   0x080008bb   Thumb Code    26  stm32f10x_gpio.o(.text)
    GPIO_EventOutputCmd                      0x080008d5   Thumb Code     6  stm32f10x_gpio.o(.text)
    GPIO_PinRemapConfig                      0x080008db   Thumb Code   138  stm32f10x_gpio.o(.text)
    GPIO_EXTILineConfig                      0x08000965   Thumb Code    66  stm32f10x_gpio.o(.text)
    GPIO_ETH_MediaInterfaceConfig            0x080009a7   Thumb Code     8  stm32f10x_gpio.o(.text)
    RCC_DeInit                               0x080009d5   Thumb Code    64  stm32f10x_rcc.o(.text)
    RCC_HSEConfig                            0x08000a15   Thumb Code    70  stm32f10x_rcc.o(.text)
    RCC_GetFlagStatus                        0x08000a5b   Thumb Code    56  stm32f10x_rcc.o(.text)
    RCC_WaitForHSEStartUp                    0x08000a93   Thumb Code    56  stm32f10x_rcc.o(.text)
    RCC_AdjustHSICalibrationValue            0x08000acb   Thumb Code    20  stm32f10x_rcc.o(.text)
    RCC_HSICmd                               0x08000adf   Thumb Code     6  stm32f10x_rcc.o(.text)
    RCC_PLLConfig                            0x08000ae5   Thumb Code    24  stm32f10x_rcc.o(.text)
    RCC_PLLCmd                               0x08000afd   Thumb Code     6  stm32f10x_rcc.o(.text)
    RCC_SYSCLKConfig                         0x08000b03   Thumb Code    18  stm32f10x_rcc.o(.text)
    RCC_GetSYSCLKSource                      0x08000b15   Thumb Code    10  stm32f10x_rcc.o(.text)
    RCC_HCLKConfig                           0x08000b1f   Thumb Code    18  stm32f10x_rcc.o(.text)
    RCC_PCLK1Config                          0x08000b31   Thumb Code    18  stm32f10x_rcc.o(.text)
    RCC_PCLK2Config                          0x08000b43   Thumb Code    20  stm32f10x_rcc.o(.text)
    RCC_ITConfig                             0x08000b57   Thumb Code    26  stm32f10x_rcc.o(.text)
    RCC_USBCLKConfig                         0x08000b71   Thumb Code     8  stm32f10x_rcc.o(.text)
    RCC_ADCCLKConfig                         0x08000b79   Thumb Code    18  stm32f10x_rcc.o(.text)
    RCC_LSEConfig                            0x08000b8b   Thumb Code    50  stm32f10x_rcc.o(.text)
    RCC_LSICmd                               0x08000bbd   Thumb Code     6  stm32f10x_rcc.o(.text)
    RCC_RTCCLKConfig                         0x08000bc3   Thumb Code    12  stm32f10x_rcc.o(.text)
    RCC_RTCCLKCmd                            0x08000bcf   Thumb Code     8  stm32f10x_rcc.o(.text)
    RCC_GetClocksFreq                        0x08000bd7   Thumb Code   192  stm32f10x_rcc.o(.text)
    RCC_AHBPeriphClockCmd                    0x08000c97   Thumb Code    26  stm32f10x_rcc.o(.text)
    RCC_APB2PeriphClockCmd                   0x08000cb1   Thumb Code    26  stm32f10x_rcc.o(.text)
    RCC_APB1PeriphClockCmd                   0x08000ccb   Thumb Code    26  stm32f10x_rcc.o(.text)
    RCC_APB2PeriphResetCmd                   0x08000ce5   Thumb Code    26  stm32f10x_rcc.o(.text)
    RCC_APB1PeriphResetCmd                   0x08000cff   Thumb Code    26  stm32f10x_rcc.o(.text)
    RCC_BackupResetCmd                       0x08000d19   Thumb Code     8  stm32f10x_rcc.o(.text)
    RCC_ClockSecuritySystemCmd               0x08000d21   Thumb Code     6  stm32f10x_rcc.o(.text)
    RCC_MCOConfig                            0x08000d27   Thumb Code     6  stm32f10x_rcc.o(.text)
    RCC_ClearFlag                            0x08000d2d   Thumb Code    14  stm32f10x_rcc.o(.text)
    RCC_GetITStatus                          0x08000d3b   Thumb Code    20  stm32f10x_rcc.o(.text)
    RCC_ClearITPendingBit                    0x08000d4f   Thumb Code     6  stm32f10x_rcc.o(.text)
    SDIO_DeInit                              0x08000d79   Thumb Code    28  stm32f10x_sdio.o(.text)
    SDIO_Init                                0x08000d95   Thumb Code    42  stm32f10x_sdio.o(.text)
    SDIO_StructInit                          0x08000dbf   Thumb Code    16  stm32f10x_sdio.o(.text)
    SDIO_ClockCmd                            0x08000dcf   Thumb Code     6  stm32f10x_sdio.o(.text)
    SDIO_SetPowerState                       0x08000dd5   Thumb Code    22  stm32f10x_sdio.o(.text)
    SDIO_GetPowerState                       0x08000deb   Thumb Code    10  stm32f10x_sdio.o(.text)
    SDIO_ITConfig                            0x08000df5   Thumb Code    26  stm32f10x_sdio.o(.text)
    SDIO_DMACmd                              0x08000e0f   Thumb Code     6  stm32f10x_sdio.o(.text)
    SDIO_SendCommand                         0x08000e15   Thumb Code    38  stm32f10x_sdio.o(.text)
    SDIO_CmdStructInit                       0x08000e3b   Thumb Code    14  stm32f10x_sdio.o(.text)
    SDIO_GetCommandResponse                  0x08000e49   Thumb Code     8  stm32f10x_sdio.o(.text)
    SDIO_GetResponse                         0x08000e51   Thumb Code    22  stm32f10x_sdio.o(.text)
    SDIO_DataConfig                          0x08000e67   Thumb Code    42  stm32f10x_sdio.o(.text)
    SDIO_DataStructInit                      0x08000e91   Thumb Code    20  stm32f10x_sdio.o(.text)
    SDIO_GetDataCounter                      0x08000ea5   Thumb Code     6  stm32f10x_sdio.o(.text)
    SDIO_ReadData                            0x08000eab   Thumb Code     8  stm32f10x_sdio.o(.text)
    SDIO_WriteData                           0x08000eb3   Thumb Code     8  stm32f10x_sdio.o(.text)
    SDIO_GetFIFOCount                        0x08000ebb   Thumb Code     6  stm32f10x_sdio.o(.text)
    SDIO_StartSDIOReadWait                   0x08000ec1   Thumb Code     8  stm32f10x_sdio.o(.text)
    SDIO_StopSDIOReadWait                    0x08000ec9   Thumb Code     8  stm32f10x_sdio.o(.text)
    SDIO_SetSDIOReadWaitMode                 0x08000ed1   Thumb Code     8  stm32f10x_sdio.o(.text)
    SDIO_SetSDIOOperation                    0x08000ed9   Thumb Code     8  stm32f10x_sdio.o(.text)
    SDIO_SendSDIOSuspendCmd                  0x08000ee1   Thumb Code     6  stm32f10x_sdio.o(.text)
    SDIO_CommandCompletionCmd                0x08000ee7   Thumb Code     8  stm32f10x_sdio.o(.text)
    SDIO_CEATAITCmd                          0x08000eef   Thumb Code    12  stm32f10x_sdio.o(.text)
    SDIO_SendCEATACmd                        0x08000efb   Thumb Code     8  stm32f10x_sdio.o(.text)
    SDIO_GetFlagStatus                       0x08000f03   Thumb Code    20  stm32f10x_sdio.o(.text)
    SDIO_ClearFlag                           0x08000f17   Thumb Code     6  stm32f10x_sdio.o(.text)
    SDIO_GetITStatus                         0x08000f1d   Thumb Code    20  stm32f10x_sdio.o(.text)
    SDIO_ClearITPendingBit                   0x08000f31   Thumb Code     6  stm32f10x_sdio.o(.text)
    USART_DeInit                             0x08000f4d   Thumb Code   134  stm32f10x_usart.o(.text)
    USART_Init                               0x08000fd3   Thumb Code   210  stm32f10x_usart.o(.text)
    USART_StructInit                         0x080010a5   Thumb Code    24  stm32f10x_usart.o(.text)
    USART_ClockInit                          0x080010bd   Thumb Code    34  stm32f10x_usart.o(.text)
    USART_ClockStructInit                    0x080010df   Thumb Code    12  stm32f10x_usart.o(.text)
    USART_Cmd                                0x080010eb   Thumb Code    24  stm32f10x_usart.o(.text)
    USART_ITConfig                           0x08001103   Thumb Code    74  stm32f10x_usart.o(.text)
    USART_DMACmd                             0x0800114d   Thumb Code    18  stm32f10x_usart.o(.text)
    USART_SetAddress                         0x0800115f   Thumb Code    18  stm32f10x_usart.o(.text)
    USART_WakeUpConfig                       0x08001171   Thumb Code    18  stm32f10x_usart.o(.text)
    USART_ReceiverWakeUpCmd                  0x08001183   Thumb Code    24  stm32f10x_usart.o(.text)
    USART_LINBreakDetectLengthConfig         0x0800119b   Thumb Code    18  stm32f10x_usart.o(.text)
    USART_LINCmd                             0x080011ad   Thumb Code    24  stm32f10x_usart.o(.text)
    USART_SendData                           0x080011c5   Thumb Code     8  stm32f10x_usart.o(.text)
    USART_ReceiveData                        0x080011cd   Thumb Code    10  stm32f10x_usart.o(.text)
    USART_SendBreak                          0x080011d7   Thumb Code    10  stm32f10x_usart.o(.text)
    USART_SetGuardTime                       0x080011e1   Thumb Code    16  stm32f10x_usart.o(.text)
    USART_SetPrescaler                       0x080011f1   Thumb Code    16  stm32f10x_usart.o(.text)
    USART_SmartCardCmd                       0x08001201   Thumb Code    24  stm32f10x_usart.o(.text)
    USART_SmartCardNACKCmd                   0x08001219   Thumb Code    24  stm32f10x_usart.o(.text)
    USART_HalfDuplexCmd                      0x08001231   Thumb Code    24  stm32f10x_usart.o(.text)
    USART_OverSampling8Cmd                   0x08001249   Thumb Code    22  stm32f10x_usart.o(.text)
    USART_OneBitMethodCmd                    0x0800125f   Thumb Code    24  stm32f10x_usart.o(.text)
    USART_IrDAConfig                         0x08001277   Thumb Code    18  stm32f10x_usart.o(.text)
    USART_IrDACmd                            0x08001289   Thumb Code    24  stm32f10x_usart.o(.text)
    USART_GetFlagStatus                      0x080012a1   Thumb Code    26  stm32f10x_usart.o(.text)
    USART_ClearFlag                          0x080012bb   Thumb Code    18  stm32f10x_usart.o(.text)
    USART_GetITStatus                        0x080012cd   Thumb Code    84  stm32f10x_usart.o(.text)
    USART_ClearITPendingBit                  0x08001321   Thumb Code    52  stm32f10x_usart.o(.text)
    main                                     0x08001355   Thumb Code   112  main.o(.text)
    NMI_Handler                              0x080013f5   Thumb Code     2  stm32f10x_it.o(.text)
    HardFault_Handler                        0x080013f7   Thumb Code     4  stm32f10x_it.o(.text)
    MemManage_Handler                        0x080013fb   Thumb Code     4  stm32f10x_it.o(.text)
    BusFault_Handler                         0x080013ff   Thumb Code     4  stm32f10x_it.o(.text)
    UsageFault_Handler                       0x08001403   Thumb Code     4  stm32f10x_it.o(.text)
    SVC_Handler                              0x08001407   Thumb Code     2  stm32f10x_it.o(.text)
    DebugMon_Handler                         0x08001409   Thumb Code     2  stm32f10x_it.o(.text)
    PendSV_Handler                           0x0800140b   Thumb Code     2  stm32f10x_it.o(.text)
    SysTick_Handler                          0x0800140d   Thumb Code     2  stm32f10x_it.o(.text)
    SDIO_IRQHandler                          0x0800140f   Thumb Code     8  stm32f10x_it.o(.text)
    LED_GPIO_Config                          0x08001419   Thumb Code    90  bsp_led.o(.text)
    USART_Config                             0x08001479   Thumb Code   120  bsp_usart.o(.text)
    fputc                                    0x080014f1   Thumb Code    32  bsp_usart.o(.text)
    fgetc                                    0x08001511   Thumb Code    26  bsp_usart.o(.text)
    SD_DeInit                                0x08001535   Thumb Code    66  bsp_sdio_sdcard.o(.text)
    SD_EnableWideBusOperation                0x08001985   Thumb Code   140  bsp_sdio_sdcard.o(.text)
    SD_SelectDeselect                        0x08001a11   Thumb Code    48  bsp_sdio_sdcard.o(.text)
    SD_GetCardInfo                           0x08001a41   Thumb Code   762  bsp_sdio_sdcard.o(.text)
    SD_InitializeCards                       0x08001e35   Thumb Code   294  bsp_sdio_sdcard.o(.text)
    SD_PowerON                               0x08002003   Thumb Code   374  bsp_sdio_sdcard.o(.text)
    SD_Init                                  0x08002179   Thumb Code   138  bsp_sdio_sdcard.o(.text)
    SD_SendStatus                            0x08002203   Thumb Code    46  bsp_sdio_sdcard.o(.text)
    SD_GetState                              0x08002231   Thumb Code    26  bsp_sdio_sdcard.o(.text)
    SD_GetStatus                             0x0800224b   Thumb Code    30  bsp_sdio_sdcard.o(.text)
    SD_PowerOFF                              0x08002269   Thumb Code    14  bsp_sdio_sdcard.o(.text)
    SD_SendSDStatus                          0x08002277   Thumb Code   360  bsp_sdio_sdcard.o(.text)
    SD_GetCardStatus                         0x080023df   Thumb Code   156  bsp_sdio_sdcard.o(.text)
    SD_ReadBlock                             0x0800247b   Thumb Code   208  bsp_sdio_sdcard.o(.text)
    SD_ReadMultiBlocks                       0x0800254b   Thumb Code   264  bsp_sdio_sdcard.o(.text)
    SD_WaitReadOperation                     0x08002653   Thumb Code    42  bsp_sdio_sdcard.o(.text)
    SD_WriteBlock                            0x0800267d   Thumb Code   206  bsp_sdio_sdcard.o(.text)
    SD_WriteMultiBlocks                      0x0800274b   Thumb Code   312  bsp_sdio_sdcard.o(.text)
    SD_WaitWriteOperation                    0x08002883   Thumb Code    50  bsp_sdio_sdcard.o(.text)
    SD_GetTransferState                      0x080028b5   Thumb Code    18  bsp_sdio_sdcard.o(.text)
    SD_StopTransfer                          0x080028c7   Thumb Code    28  bsp_sdio_sdcard.o(.text)
    SD_Erase                                 0x08002a95   Thumb Code   290  bsp_sdio_sdcard.o(.text)
    SD_ProcessIRQSrc                         0x08002bb7   Thumb Code    70  bsp_sdio_sdcard.o(.text)
    convert_from_bytes_to_power_of_two       0x08002bfd   Thumb Code    18  bsp_sdio_sdcard.o(.text)
    disk_status                              0x08002c31   Thumb Code    28  diskio.o(.text)
    disk_initialize                          0x08002c4d   Thumb Code    42  diskio.o(.text)
    disk_read                                0x08002c77   Thumb Code   182  diskio.o(.text)
    disk_write                               0x08002d2d   Thumb Code   188  diskio.o(.text)
    disk_ioctl                               0x08002de9   Thumb Code   102  diskio.o(.text)
    get_fattime                              0x08002e4f   Thumb Code     4  diskio.o(.text)
    clust2sect                               0x08003013   Thumb Code    26  ff.o(.text)
    get_fat                                  0x0800302d   Thumb Code   318  ff.o(.text)
    put_fat                                  0x0800316b   Thumb Code   392  ff.o(.text)
    f_mount                                  0x0800456d   Thumb Code    86  ff.o(.text)
    f_open                                   0x080045c3   Thumb Code   382  ff.o(.text)
    f_read                                   0x08004741   Thumb Code   480  ff.o(.text)
    f_write                                  0x08004921   Thumb Code   524  ff.o(.text)
    f_sync                                   0x08004b2d   Thumb Code   176  ff.o(.text)
    f_close                                  0x08004bdd   Thumb Code    32  ff.o(.text)
    f_lseek                                  0x08004bfd   Thumb Code   410  ff.o(.text)
    f_opendir                                0x08004d97   Thumb Code   118  ff.o(.text)
    f_closedir                               0x08004e0d   Thumb Code    22  ff.o(.text)
    f_readdir                                0x08004e23   Thumb Code   100  ff.o(.text)
    f_stat                                   0x08004e87   Thumb Code    68  ff.o(.text)
    f_getfree                                0x08004ecb   Thumb Code   258  ff.o(.text)
    f_truncate                               0x08004fcd   Thumb Code   184  ff.o(.text)
    f_unlink                                 0x08005085   Thumb Code   174  ff.o(.text)
    f_mkdir                                  0x08005133   Thumb Code   358  ff.o(.text)
    f_chmod                                  0x08005299   Thumb Code    92  ff.o(.text)
    f_rename                                 0x080052f5   Thumb Code   266  ff.o(.text)
    f_utime                                  0x080053ff   Thumb Code    94  ff.o(.text)
    f_mkfs                                   0x0800545d   Thumb Code  1622  ff.o(.text)
    f_gets                                   0x08005ab3   Thumb Code    82  ff.o(.text)
    f_putc                                   0x08005b49   Thumb Code    64  ff.o(.text)
    f_puts                                   0x08005b89   Thumb Code    74  ff.o(.text)
    f_printf                                 0x08005bd3   Thumb Code   674  ff.o(.text)
    ff_convert                               0x08005e75   Thumb Code   116  cc936.o(.text)
    ff_wtoupper                              0x08005ee9   Thumb Code    84  cc936.o(.text)
    __aeabi_uldivmod                         0x08005f4d   Thumb Code    98  uldiv.o(.text)
    __aeabi_memcpy                           0x08005faf   Thumb Code    36  memcpya.o(.text)
    __aeabi_memcpy4                          0x08005faf   Thumb Code     0  memcpya.o(.text)
    __aeabi_memcpy8                          0x08005faf   Thumb Code     0  memcpya.o(.text)
    __aeabi_llsl                             0x08005fd3   Thumb Code    30  llshl.o(.text)
    _ll_shift_l                              0x08005fd3   Thumb Code     0  llshl.o(.text)
    __aeabi_llsr                             0x08005ff1   Thumb Code    32  llushr.o(.text)
    _ll_ushift_r                             0x08005ff1   Thumb Code     0  llushr.o(.text)
    __scatterload                            0x08006011   Thumb Code    28  init.o(.text)
    __scatterload_rt2                        0x08006011   Thumb Code     0  init.o(.text)
    __scatterload_copy                       0x08006035   Thumb Code    14  handlers.o(i.__scatterload_copy)
    __scatterload_null                       0x08006043   Thumb Code     2  handlers.o(i.__scatterload_null)
    __scatterload_zeroinit                   0x08006045   Thumb Code    14  handlers.o(i.__scatterload_zeroinit)
    Region$$Table$$Base                      0x0803114c   Number         0  anon$$obj.o(Region$$Table)
    Region$$Table$$Limit                     0x0803116c   Number         0  anon$$obj.o(Region$$Table)
    SystemCoreClock                          0x20000000   Data           4  system_stm32f10x.o(.data)
    AHBPrescTable                            0x20000004   Data          16  system_stm32f10x.o(.data)
    res_sd                                   0x20000028   Data           1  main.o(.data)
    fnum                                     0x2000002c   Data           4  main.o(.data)
    WriteBuffer                              0x20000030   Data          20  main.o(.data)
    StopCondition                            0x2000004c   Data           4  bsp_sdio_sdcard.o(.data)
    TransferError                            0x20000050   Data           1  bsp_sdio_sdcard.o(.data)
    TransferEnd                              0x20000054   Data           4  bsp_sdio_sdcard.o(.data)
    fs                                       0x20000064   Data        4144  main.o(.bss)
    fnew                                     0x20001094   Data        4132  main.o(.bss)
    ReadBuffer                               0x200020b8   Data        1024  main.o(.bss)
    SDCardInfo                               0x200024e8   Data          88  bsp_sdio_sdcard.o(.bss)
    SDIO_InitStructure                       0x20002540   Data          24  bsp_sdio_sdcard.o(.bss)
    SDIO_CmdInitStructure                    0x20002558   Data          20  bsp_sdio_sdcard.o(.bss)
    SDIO_DataInitStructure                   0x2000256c   Data          24  bsp_sdio_sdcard.o(.bss)
    __initial_sp                             0x20002988   Data           0  startup_stm32f10x_hd.o(STACK)



==============================================================================

Memory Map of the image

  Image Entry point : 0x08000131

  Load Region LR_IROM1 (Base: 0x08000000, Size: 0x000311d0, Max: 0x00080000, ABSOLUTE)

    Execution Region ER_IROM1 (Base: 0x08000000, Size: 0x0003116c, Max: 0x00080000, ABSOLUTE)

    Base Addr    Size         Type   Attr      Idx    E Section Name        Object

    0x08000000   0x00000130   Data   RO            3    RESET               startup_stm32f10x_hd.o
    0x08000130   0x00000000   Code   RO          565  * .ARM.Collect$$$$00000000  mc_w.l(entry.o)
    0x08000130   0x00000004   Code   RO          574    .ARM.Collect$$$$00000001  mc_w.l(entry2.o)
    0x08000134   0x00000004   Code   RO          577    .ARM.Collect$$$$00000004  mc_w.l(entry5.o)
    0x08000138   0x00000000   Code   RO          579    .ARM.Collect$$$$00000008  mc_w.l(entry7b.o)
    0x08000138   0x00000000   Code   RO          581    .ARM.Collect$$$$0000000A  mc_w.l(entry8b.o)
    0x08000138   0x00000008   Code   RO          582    .ARM.Collect$$$$0000000B  mc_w.l(entry9a.o)
    0x08000140   0x00000000   Code   RO          584    .ARM.Collect$$$$0000000D  mc_w.l(entry10a.o)
    0x08000140   0x00000000   Code   RO          586    .ARM.Collect$$$$0000000F  mc_w.l(entry11a.o)
    0x08000140   0x00000004   Code   RO          575    .ARM.Collect$$$$00002712  mc_w.l(entry2.o)
    0x08000144   0x00000024   Code   RO            4    .text               startup_stm32f10x_hd.o
    0x08000168   0x000001e0   Code   RO           24    .text               system_stm32f10x.o
    0x08000348   0x000000dc   Code   RO          121    .text               misc.o
    0x08000424   0x00000254   Code   RO          221    .text               stm32f10x_dma.o
    0x08000678   0x0000035c   Code   RO          269    .text               stm32f10x_gpio.o
    0x080009d4   0x000003a4   Code   RO          317    .text               stm32f10x_rcc.o
    0x08000d78   0x000001d4   Code   RO          343    .text               stm32f10x_sdio.o
    0x08000f4c   0x00000408   Code   RO          379    .text               stm32f10x_usart.o
    0x08001354   0x000000a0   Code   RO          403    .text               main.o
    0x080013f4   0x00000022   Code   RO          441    .text               stm32f10x_it.o
    0x08001416   0x00000002   PAD
    0x08001418   0x00000060   Code   RO          456    .text               bsp_led.o
    0x08001478   0x000000bc   Code   RO          468    .text               bsp_usart.o
    0x08001534   0x000016fc   Code   RO          480    .text               bsp_sdio_sdcard.o
    0x08002c30   0x0000022c   Code   RO          496    .text               diskio.o
    0x08002e5c   0x00003018   Code   RO          518    .text               ff.o
    0x08005e74   0x000000d8   Code   RO          542    .text               cc936.o
    0x08005f4c   0x00000062   Code   RO          568    .text               mc_w.l(uldiv.o)
    0x08005fae   0x00000024   Code   RO          570    .text               mc_w.l(memcpya.o)
    0x08005fd2   0x0000001e   Code   RO          588    .text               mc_w.l(llshl.o)
    0x08005ff0   0x00000020   Code   RO          590    .text               mc_w.l(llushr.o)
    0x08006010   0x00000024   Code   RO          592    .text               mc_w.l(init.o)
    0x08006034   0x0000000e   Code   RO          596    i.__scatterload_copy  mc_w.l(handlers.o)
    0x08006042   0x00000002   Code   RO          597    i.__scatterload_null  mc_w.l(handlers.o)
    0x08006044   0x0000000e   Code   RO          598    i.__scatterload_zeroinit  mc_w.l(handlers.o)
    0x08006052   0x0000003a   Data   RO          519    .constdata          ff.o
    0x0800608c   0x0002b0c0   Data   RO          543    .constdata          cc936.o
    0x0803114c   0x00000020   Data   RO          594    Region$$Table       anon$$obj.o


    Execution Region RW_IRAM1 (Base: 0x20000000, Size: 0x00002988, Max: 0x00010000, ABSOLUTE)

    Base Addr    Size         Type   Attr      Idx    E Section Name        Object

    0x20000000   0x00000014   Data   RW           25    .data               system_stm32f10x.o
    0x20000014   0x00000014   Data   RW          318    .data               stm32f10x_rcc.o
    0x20000028   0x0000001c   Data   RW          405    .data               main.o
    0x20000044   0x00000014   Data   RW          482    .data               bsp_sdio_sdcard.o
    0x20000058   0x0000000a   Data   RW          520    .data               ff.o
    0x20000062   0x00000002   PAD
    0x20000064   0x00002454   Zero   RW          404    .bss                main.o
    0x200024b8   0x000000cc   Zero   RW          481    .bss                bsp_sdio_sdcard.o
    0x20002584   0x00000004   PAD
    0x20002588   0x00000400   Zero   RW            1    STACK               startup_stm32f10x_hd.o


==============================================================================

Image component sizes


      Code (inc. data)   RO Data    RW Data    ZI Data      Debug   Object Name

        96          6          0          0          0        542   bsp_led.o
      5884        212          0         20        204      17500   bsp_sdio_sdcard.o
       188         10          0          0          0       1031   bsp_usart.o
       216         16     176320          0          0       2325   cc936.o
         0          0          0          0          0       4516   core_cm3.o
       556         10          0          0          0       4615   diskio.o
     12312        122         58         10          0      35904   ff.o
       160         48          0         28       9300      11596   main.o
       220         22          0          0          0       1841   misc.o
        36          8        304          0       1024        868   startup_stm32f10x_hd.o
       596          8          0          0          0       4406   stm32f10x_dma.o
       860         38          0          0          0       5769   stm32f10x_gpio.o
        34          0          0          0          0       1402   stm32f10x_it.o
       932         36          0         20          0       8964   stm32f10x_rcc.o
       468         22          0          0          0       7156   stm32f10x_sdio.o
      1032         22          0          0          0       8500   stm32f10x_usart.o
       480         38          0         20          0     249151   system_stm32f10x.o

    ----------------------------------------------------------------------
     24072        618     176714        100      10532     366086   Object Totals
         0          0         32          0          0          0   (incl. Generated)
         2          0          0          2          4          0   (incl. Padding)

    ----------------------------------------------------------------------

      Code (inc. data)   RO Data    RW Data    ZI Data      Debug   Library Member Name

         0          0          0          0          0          0   entry.o
         0          0          0          0          0          0   entry10a.o
         0          0          0          0          0          0   entry11a.o
         8          4          0          0          0          0   entry2.o
         4          0          0          0          0          0   entry5.o
         0          0          0          0          0          0   entry7b.o
         0          0          0          0          0          0   entry8b.o
         8          4          0          0          0          0   entry9a.o
        30          0          0          0          0          0   handlers.o
        36          8          0          0          0         68   init.o
        30          0          0          0          0         68   llshl.o
        32          0          0          0          0         68   llushr.o
        36          0          0          0          0         68   memcpya.o
        98          0          0          0          0         92   uldiv.o

    ----------------------------------------------------------------------
       282         16          0          0          0        364   Library Totals
         0          0          0          0          0          0   (incl. Padding)

    ----------------------------------------------------------------------

      Code (inc. data)   RO Data    RW Data    ZI Data      Debug   Library Name

       282         16          0          0          0        364   mc_w.l

    ----------------------------------------------------------------------
       282         16          0          0          0        364   Library Totals

    ----------------------------------------------------------------------

==============================================================================


      Code (inc. data)   RO Data    RW Data    ZI Data      Debug   

     24354        634     176714        100      10532     365042   Grand Totals
     24354        634     176714        100      10532     365042   ELF Image Totals
     24354        634     176714        100          0          0   ROM Totals

==============================================================================

    Total RO  Size (Code + RO Data)               201068 ( 196.36kB)
    Total RW  Size (RW Data + ZI Data)             10632 (  10.38kB)
    Total ROM Size (Code + RO Data + RW Data)     201168 ( 196.45kB)

==============================================================================

